Archive member included because of file (symbol)

c:/winavr-20100110/bin/../lib/gcc/avr/4.3.3/avr5\libgcc.a(_divmodhi4.o)
                              ./lib/Controle_servo_motor.o (__divmodhi4)
c:/winavr-20100110/bin/../lib/gcc/avr/4.3.3/avr5\libgcc.a(_exit.o)
                              c:/winavr-20100110/bin/../lib/gcc/avr/4.3.3/../../../../avr/lib/avr5/crtm328p.o (exit)
c:/winavr-20100110/bin/../lib/gcc/avr/4.3.3/avr5\libgcc.a(_copy_data.o)
                              ./lib/avr_twi_master.o (__do_copy_data)
c:/winavr-20100110/bin/../lib/gcc/avr/4.3.3/avr5\libgcc.a(_clear_bss.o)
                              ./lib/avr_twi_master.o (__do_clear_bss)
c:/winavr-20100110/bin/../lib/gcc/avr/4.3.3/avr5\libgcc.a(_udivmodhi4.o)
                              c:/winavr-20100110/bin/../lib/gcc/avr/4.3.3/avr5\libgcc.a(_divmodhi4.o) (__udivmodhi4)

Allocating common symbols
Common symbol       size              file

rx_pkg              0x10              ./lib/modbus.o
dht11_data          0x4               ./lib/dth11.o

Memory Configuration

Name             Origin             Length             Attributes
text             0x00000000         0x00020000         xr
data             0x00800060         0x0000ffa0         rw !x
eeprom           0x00810000         0x00010000         rw !x
fuse             0x00820000         0x00000400         rw !x
lock             0x00830000         0x00000400         rw !x
signature        0x00840000         0x00000400         rw !x
*default*        0x00000000         0xffffffff

Linker script and memory map

Address of section .data set to 0x800100
LOAD c:/winavr-20100110/bin/../lib/gcc/avr/4.3.3/../../../../avr/lib/avr5/crtm328p.o
LOAD ./lib/Controle_servo_motor.o
LOAD ./lib/avr_spi.o
LOAD ./lib/avr_twi_master.o
LOAD ./lib/avr_usart.o
LOAD ./lib/dth11.o
LOAD ./lib/modbus.o
LOAD ./lib/one_wire.o
LOAD ./main.o
LOAD c:/winavr-20100110/bin/../lib/gcc/avr/4.3.3/avr5\libgcc.a
LOAD c:/winavr-20100110/bin/../lib/gcc/avr/4.3.3/../../../../avr/lib/avr5\libc.a
LOAD c:/winavr-20100110/bin/../lib/gcc/avr/4.3.3/avr5\libgcc.a

.hash
 *(.hash)

.dynsym
 *(.dynsym)

.dynstr
 *(.dynstr)

.gnu.version
 *(.gnu.version)

.gnu.version_d
 *(.gnu.version_d)

.gnu.version_r
 *(.gnu.version_r)

.rel.init
 *(.rel.init)

.rela.init
 *(.rela.init)

.rel.text
 *(.rel.text)
 *(.rel.text.*)
 *(.rel.gnu.linkonce.t*)

.rela.text
 *(.rela.text)
 *(.rela.text.*)
 *(.rela.gnu.linkonce.t*)

.rel.fini
 *(.rel.fini)

.rela.fini
 *(.rela.fini)

.rel.rodata
 *(.rel.rodata)
 *(.rel.rodata.*)
 *(.rel.gnu.linkonce.r*)

.rela.rodata
 *(.rela.rodata)
 *(.rela.rodata.*)
 *(.rela.gnu.linkonce.r*)

.rel.data
 *(.rel.data)
 *(.rel.data.*)
 *(.rel.gnu.linkonce.d*)

.rela.data
 *(.rela.data)
 *(.rela.data.*)
 *(.rela.gnu.linkonce.d*)

.rel.ctors
 *(.rel.ctors)

.rela.ctors
 *(.rela.ctors)

.rel.dtors
 *(.rel.dtors)

.rela.dtors
 *(.rela.dtors)

.rel.got
 *(.rel.got)

.rela.got
 *(.rela.got)

.rel.bss
 *(.rel.bss)

.rela.bss
 *(.rela.bss)

.rel.plt
 *(.rel.plt)

.rela.plt
 *(.rela.plt)

.text           0x00000000      0x62c
 *(.vectors)
 .vectors       0x00000000       0x68 c:/winavr-20100110/bin/../lib/gcc/avr/4.3.3/../../../../avr/lib/avr5/crtm328p.o
                0x00000000                __vectors
                0x00000000                __vector_default
 *(.vectors)
 *(.progmem.gcc*)
 *(.progmem*)
                0x00000068                . = ALIGN (0x2)
                0x00000068                __trampolines_start = .
 *(.trampolines)
 .trampolines   0x00000068        0x0 linker stubs
 *(.trampolines*)
                0x00000068                __trampolines_end = .
 *(.jumptables)
 *(.jumptables*)
 *(.lowtext)
 *(.lowtext*)
                0x00000068                __ctors_start = .
 *(.ctors)
                0x00000068                __ctors_end = .
                0x00000068                __dtors_start = .
 *(.dtors)
                0x00000068                __dtors_end = .
 SORT(*)(.ctors)
 SORT(*)(.dtors)
 *(.init0)
 .init0         0x00000068        0x0 c:/winavr-20100110/bin/../lib/gcc/avr/4.3.3/../../../../avr/lib/avr5/crtm328p.o
                0x00000068                __init
 *(.init0)
 *(.init1)
 *(.init1)
 *(.init2)
 .init2         0x00000068        0xc c:/winavr-20100110/bin/../lib/gcc/avr/4.3.3/../../../../avr/lib/avr5/crtm328p.o
 *(.init2)
 *(.init3)
 *(.init3)
 *(.init4)
 .init4         0x00000074       0x16 c:/winavr-20100110/bin/../lib/gcc/avr/4.3.3/avr5\libgcc.a(_copy_data.o)
                0x00000074                __do_copy_data
 .init4         0x0000008a       0x10 c:/winavr-20100110/bin/../lib/gcc/avr/4.3.3/avr5\libgcc.a(_clear_bss.o)
                0x0000008a                __do_clear_bss
 *(.init4)
 *(.init5)
 *(.init5)
 *(.init6)
 *(.init6)
 *(.init7)
 *(.init7)
 *(.init8)
 *(.init8)
 *(.init9)
 .init9         0x0000009a        0x8 c:/winavr-20100110/bin/../lib/gcc/avr/4.3.3/../../../../avr/lib/avr5/crtm328p.o
 *(.init9)
 *(.text)
 .text          0x000000a2        0x4 c:/winavr-20100110/bin/../lib/gcc/avr/4.3.3/../../../../avr/lib/avr5/crtm328p.o
                0x000000a2                __vector_22
                0x000000a2                __vector_1
                0x000000a2                __vector_12
                0x000000a2                __bad_interrupt
                0x000000a2                __vector_6
                0x000000a2                __vector_3
                0x000000a2                __vector_23
                0x000000a2                __vector_25
                0x000000a2                __vector_11
                0x000000a2                __vector_13
                0x000000a2                __vector_17
                0x000000a2                __vector_19
                0x000000a2                __vector_7
                0x000000a2                __vector_5
                0x000000a2                __vector_4
                0x000000a2                __vector_9
                0x000000a2                __vector_2
                0x000000a2                __vector_21
                0x000000a2                __vector_15
                0x000000a2                __vector_8
                0x000000a2                __vector_14
                0x000000a2                __vector_10
                0x000000a2                __vector_16
                0x000000a2                __vector_20
 .text          0x000000a6        0x0 ./lib/Controle_servo_motor.o
 .text          0x000000a6        0x0 ./lib/avr_spi.o
 .text          0x000000a6        0x0 ./lib/avr_twi_master.o
 .text          0x000000a6        0x0 ./lib/avr_usart.o
 .text          0x000000a6        0x0 ./lib/dth11.o
 .text          0x000000a6        0x0 ./lib/modbus.o
 .text          0x000000a6        0x0 ./lib/one_wire.o
 .text          0x000000a6        0x0 ./main.o
 .text          0x000000a6        0x0 c:/winavr-20100110/bin/../lib/gcc/avr/4.3.3/avr5\libgcc.a(_divmodhi4.o)
 .text          0x000000a6        0x0 c:/winavr-20100110/bin/../lib/gcc/avr/4.3.3/avr5\libgcc.a(_exit.o)
 .text          0x000000a6        0x0 c:/winavr-20100110/bin/../lib/gcc/avr/4.3.3/avr5\libgcc.a(_copy_data.o)
 .text          0x000000a6        0x0 c:/winavr-20100110/bin/../lib/gcc/avr/4.3.3/avr5\libgcc.a(_clear_bss.o)
 .text          0x000000a6        0x0 c:/winavr-20100110/bin/../lib/gcc/avr/4.3.3/avr5\libgcc.a(_udivmodhi4.o)
                0x000000a6                . = ALIGN (0x2)
 *(.text.*)
 .text.init_servo
                0x000000a6       0x2e ./lib/Controle_servo_motor.o
                0x000000a6                init_servo
 .text.ativa_motor
                0x000000d4       0x1e ./lib/Controle_servo_motor.o
                0x000000d4                ativa_motor
 .text.SPI_MasterInit
                0x000000f2        0xa ./lib/avr_spi.o
                0x000000f2                SPI_MasterInit
 .text.SPI_Transmit
                0x000000fc        0xc ./lib/avr_spi.o
                0x000000fc                SPI_Transmit
 .text.SPI_SlaveReceive
                0x00000108        0xc ./lib/avr_spi.o
                0x00000108                SPI_SlaveReceive
 .text.TWI_Master_Initialise
                0x00000114       0x14 ./lib/avr_twi_master.o
                0x00000114                TWI_Master_Initialise
 .text.TWI_Transceiver_Busy
                0x00000128        0x8 ./lib/avr_twi_master.o
                0x00000128                TWI_Transceiver_Busy
 .text.TWI_Get_State_Info
                0x00000130        0xe ./lib/avr_twi_master.o
                0x00000130                TWI_Get_State_Info
 .text.TWI_Start_Transceiver_With_Data
                0x0000013e       0x44 ./lib/avr_twi_master.o
                0x0000013e                TWI_Start_Transceiver_With_Data
 .text.TWI_Start_Transceiver
                0x00000182       0x1a ./lib/avr_twi_master.o
                0x00000182                TWI_Start_Transceiver
 .text.TWI_Get_Data_From_Transceiver
                0x0000019c       0x38 ./lib/avr_twi_master.o
                0x0000019c                TWI_Get_Data_From_Transceiver
 .text.__vector_24
                0x000001d4       0xee ./lib/avr_twi_master.o
                0x000001d4                __vector_24
 .text.get_usart_stream
                0x000002c2        0x6 ./lib/avr_usart.o
                0x000002c2                get_usart_stream
 .text.USART_Init
                0x000002c8       0x1c ./lib/avr_usart.o
                0x000002c8                USART_Init
 .text.USART_tx
                0x000002e4       0x12 ./lib/avr_usart.o
                0x000002e4                USART_tx
 .text.USART_rx
                0x000002f6        0xe ./lib/avr_usart.o
                0x000002f6                USART_rx
 .text.usart_putchar
                0x00000304       0x16 ./lib/avr_usart.o
 .text.__vector_18
                0x0000031a       0x14 ./lib/avr_usart.o
                0x0000031a                __vector_18
 .text.get_dht_humidityHigh
                0x0000032e        0x6 ./lib/dth11.o
                0x0000032e                get_dht_humidityHigh
 .text.get_dht_humidityLow
                0x00000334        0x6 ./lib/dth11.o
                0x00000334                get_dht_humidityLow
 .text.get_dht_tempHigh
                0x0000033a        0x6 ./lib/dth11.o
                0x0000033a                get_dht_tempHigh
 .text.get_dht_tempLow
                0x00000340        0x6 ./lib/dth11.o
                0x00000340                get_dht_tempLow
 .text.dht_response
                0x00000346       0x4e ./lib/dth11.o
                0x00000346                dht_response
 .text.CRC16_2  0x00000394       0x84 ./lib/modbus.o
                0x00000394                CRC16_2
 .text.modbusConfig
                0x00000418       0x30 ./lib/modbus.o
                0x00000418                modbusConfig
 .text.modbus_rx
                0x00000448       0x1c ./lib/modbus.o
                0x00000448                modbus_rx
 .text.modbus_tx
                0x00000464       0x22 ./lib/modbus.o
                0x00000464                modbus_tx
 .text.reset_1w
                0x00000486       0x44 ./lib/one_wire.o
                0x00000486                reset_1w
 .text.read_byte_1w
                0x000004ca       0x3e ./lib/one_wire.o
                0x000004ca                read_byte_1w
 .text.power_1w
                0x00000508       0x1c ./lib/one_wire.o
                0x00000508                power_1w
 .text.write_bit_1w
                0x00000524       0x1c ./lib/one_wire.o
                0x00000524                write_bit_1w
 .text.write_byte_1w
                0x00000540       0x3c ./lib/one_wire.o
                0x00000540                write_byte_1w
 .text.main     0x0000057c       0x5e ./main.o
                0x0000057c                main
 .text.libgcc   0x000005da       0x26 c:/winavr-20100110/bin/../lib/gcc/avr/4.3.3/avr5\libgcc.a(_divmodhi4.o)
                0x000005da                __divmodhi4
                0x000005da                _div
 .text.libgcc   0x00000600        0x0 c:/winavr-20100110/bin/../lib/gcc/avr/4.3.3/avr5\libgcc.a(_exit.o)
 .text.libgcc   0x00000600        0x0 c:/winavr-20100110/bin/../lib/gcc/avr/4.3.3/avr5\libgcc.a(_copy_data.o)
 .text.libgcc   0x00000600        0x0 c:/winavr-20100110/bin/../lib/gcc/avr/4.3.3/avr5\libgcc.a(_clear_bss.o)
 .text.libgcc   0x00000600       0x28 c:/winavr-20100110/bin/../lib/gcc/avr/4.3.3/avr5\libgcc.a(_udivmodhi4.o)
                0x00000600                __udivmodhi4
                0x00000628                . = ALIGN (0x2)
 *(.fini9)
 .fini9         0x00000628        0x0 c:/winavr-20100110/bin/../lib/gcc/avr/4.3.3/avr5\libgcc.a(_exit.o)
                0x00000628                exit
                0x00000628                _exit
 *(.fini9)
 *(.fini8)
 *(.fini8)
 *(.fini7)
 *(.fini7)
 *(.fini6)
 *(.fini6)
 *(.fini5)
 *(.fini5)
 *(.fini4)
 *(.fini4)
 *(.fini3)
 *(.fini3)
 *(.fini2)
 *(.fini2)
 *(.fini1)
 *(.fini1)
 *(.fini0)
 .fini0         0x00000628        0x4 c:/winavr-20100110/bin/../lib/gcc/avr/4.3.3/avr5\libgcc.a(_exit.o)
 *(.fini0)
                0x0000062c                _etext = .

.data           0x00800100       0x18 load address 0x0000062c
                0x00800100                PROVIDE (__data_start, .)
 *(.data)
 .data          0x00800100        0x0 c:/winavr-20100110/bin/../lib/gcc/avr/4.3.3/../../../../avr/lib/avr5/crtm328p.o
 .data          0x00800100        0x0 ./lib/Controle_servo_motor.o
 .data          0x00800100        0x0 ./lib/avr_spi.o
 .data          0x00800100        0x0 ./lib/avr_twi_master.o
 .data          0x00800100        0x0 ./lib/avr_usart.o
 .data          0x00800100        0x0 ./lib/dth11.o
 .data          0x00800100        0x0 ./lib/modbus.o
 .data          0x00800100        0x0 ./lib/one_wire.o
 .data          0x00800100        0x0 ./main.o
 .data          0x00800100        0x0 c:/winavr-20100110/bin/../lib/gcc/avr/4.3.3/avr5\libgcc.a(_divmodhi4.o)
 .data          0x00800100        0x0 c:/winavr-20100110/bin/../lib/gcc/avr/4.3.3/avr5\libgcc.a(_exit.o)
 .data          0x00800100        0x0 c:/winavr-20100110/bin/../lib/gcc/avr/4.3.3/avr5\libgcc.a(_copy_data.o)
 .data          0x00800100        0x0 c:/winavr-20100110/bin/../lib/gcc/avr/4.3.3/avr5\libgcc.a(_clear_bss.o)
 .data          0x00800100        0x0 c:/winavr-20100110/bin/../lib/gcc/avr/4.3.3/avr5\libgcc.a(_udivmodhi4.o)
 *(.data*)
 .data.TWI_state
                0x00800100        0x1 ./lib/avr_twi_master.o
 .data.usart_str
                0x00800101        0xe ./lib/avr_usart.o
                0x00800101                usart_str
 .data.pkg      0x0080010f        0x8 ./lib/modbus.o
                0x0080010f                pkg
 *(.rodata)
 *(.rodata*)
 *(.gnu.linkonce.d*)
                0x00800118                . = ALIGN (0x2)
 *fill*         0x00800117        0x1 00
                0x00800118                _edata = .
                0x00800118                PROVIDE (__data_end, .)

.bss            0x00800118       0x1b
                0x00800118                PROVIDE (__bss_start, .)
 *(.bss)
 .bss           0x00800118        0x0 c:/winavr-20100110/bin/../lib/gcc/avr/4.3.3/../../../../avr/lib/avr5/crtm328p.o
 .bss           0x00800118        0x0 ./lib/Controle_servo_motor.o
 .bss           0x00800118        0x0 ./lib/avr_spi.o
 .bss           0x00800118        0x0 ./lib/avr_twi_master.o
 .bss           0x00800118        0x0 ./lib/avr_usart.o
 .bss           0x00800118        0x0 ./lib/dth11.o
 .bss           0x00800118        0x0 ./lib/modbus.o
 .bss           0x00800118        0x0 ./lib/one_wire.o
 .bss           0x00800118        0x0 ./main.o
 .bss           0x00800118        0x0 c:/winavr-20100110/bin/../lib/gcc/avr/4.3.3/avr5\libgcc.a(_divmodhi4.o)
 .bss           0x00800118        0x0 c:/winavr-20100110/bin/../lib/gcc/avr/4.3.3/avr5\libgcc.a(_exit.o)
 .bss           0x00800118        0x0 c:/winavr-20100110/bin/../lib/gcc/avr/4.3.3/avr5\libgcc.a(_copy_data.o)
 .bss           0x00800118        0x0 c:/winavr-20100110/bin/../lib/gcc/avr/4.3.3/avr5\libgcc.a(_clear_bss.o)
 .bss           0x00800118        0x0 c:/winavr-20100110/bin/../lib/gcc/avr/4.3.3/avr5\libgcc.a(_udivmodhi4.o)
 *(.bss*)
 .bss.TWI_statusReg
                0x00800118        0x1 ./lib/avr_twi_master.o
                0x00800118                TWI_statusReg
 .bss.TWI_bufPtr.1311
                0x00800119        0x1 ./lib/avr_twi_master.o
 .bss.TWI_buf   0x0080011a        0x4 ./lib/avr_twi_master.o
 .bss.TWI_msgSize
                0x0080011e        0x1 ./lib/avr_twi_master.o
 *(COMMON)
 COMMON         0x0080011f        0x4 ./lib/dth11.o
                0x0080011f                dht11_data
 COMMON         0x00800123       0x10 ./lib/modbus.o
                0x00800123                rx_pkg
                0x00800133                PROVIDE (__bss_end, .)
                0x0000062c                __data_load_start = LOADADDR (.data)
                0x00000644                __data_load_end = (__data_load_start + SIZEOF (.data))

.noinit         0x00800133        0x0
                0x00800133                PROVIDE (__noinit_start, .)
 *(.noinit*)
                0x00800133                PROVIDE (__noinit_end, .)
                0x00800133                _end = .
                0x00800133                PROVIDE (__heap_start, .)

.eeprom         0x00810000        0x0
 *(.eeprom*)
                0x00810000                __eeprom_end = .

.fuse
 *(.fuse)
 *(.lfuse)
 *(.hfuse)
 *(.efuse)

.lock
 *(.lock*)

.signature
 *(.signature*)

.stab
 *(.stab)

.stabstr
 *(.stabstr)

.stab.excl
 *(.stab.excl)

.stab.exclstr
 *(.stab.exclstr)

.stab.index
 *(.stab.index)

.stab.indexstr
 *(.stab.indexstr)

.comment
 *(.comment)

.debug
 *(.debug)

.line
 *(.line)

.debug_srcinfo
 *(.debug_srcinfo)

.debug_sfnames
 *(.debug_sfnames)

.debug_aranges
 *(.debug_aranges)

.debug_pubnames
 *(.debug_pubnames)

.debug_info
 *(.debug_info)
 *(.gnu.linkonce.wi.*)

.debug_abbrev
 *(.debug_abbrev)

.debug_line
 *(.debug_line)

.debug_frame
 *(.debug_frame)

.debug_str
 *(.debug_str)

.debug_loc
 *(.debug_loc)

.debug_macinfo
 *(.debug_macinfo)
OUTPUT(teste.elf elf32-avr)
LOAD linker stubs
